Copyright 1986-2022 Xilinx, Inc. All Rights Reserved. Copyright 2022-2026 Advanced Micro Devices, Inc. All Rights Reserved.
-----------------------------------------------------------------------------------------------------------------------------------------------------
| Tool Version : Vivado v.2026.1 (lin64) Build 6511674 Tue Jun 16 11:01:26 MDT 2026
| Date         : Sun Oct 11 00:30:23 2026
| Host         : B850M-Riptide-WiFi running 64-bit Ubuntu 24.04.5 LTS
| Command      : report_utilization -hierarchical -file /home/tyler/checkpoint10_src/build/checkpoint10-board/vivado-reports/synthesis_hierarchy.rpt
| Design       : checkpoint10_board_top
| Device       : xc7a100tcsg324-1
| Speed File   : -1
| Design State : Synthesized
-----------------------------------------------------------------------------------------------------------------------------------------------------

Utilization Design Information

Table of Contents
-----------------
1. Utilization by Hierarchy

1. Utilization by Hierarchy
---------------------------

+------------------------------------------------------------------------+------------------------------------------------------------------------------------+------------+------------+---------+------+-------+--------+--------+------------+
|                                Instance                                |                                       Module                                       | Total LUTs | Logic LUTs | LUTRAMs | SRLs |  FFs  | RAMB36 | RAMB18 | DSP Blocks |
+------------------------------------------------------------------------+------------------------------------------------------------------------------------+------------+------------+---------+------+-------+--------+--------+------------+
| checkpoint10_board_top                                                 |                                                                              (top) |      22624 |      20898 |    1510 |  216 | 12725 |    144 |      0 |          5 |
|   (checkpoint10_board_top)                                             |                                                                              (top) |          0 |          0 |       0 |    0 |     0 |      0 |      0 |          0 |
|   board                                                                |                                                          checkpoint10_board_system |      17418 |      16260 |    1158 |    0 |  7921 |    144 |      0 |          5 |
|     (board)                                                            |                                                          checkpoint10_board_system |          0 |          0 |       0 |    0 |    98 |      0 |      0 |          0 |
|     loader                                                             |                                                          checkpoint10_image_loader |         63 |         63 |       0 |    0 |   271 |    128 |      0 |          0 |
|     system                                                             |                                                                   checkpoint10_top |      17341 |      16183 |    1158 |    0 |  7522 |     16 |      0 |          5 |
|       mmio                                                             |                                                                  checkpoint10_mmio |       1258 |       1258 |       0 |    0 |   804 |      0 |      0 |          1 |
|         (mmio)                                                         |                                                                  checkpoint10_mmio |        122 |        122 |       0 |    0 |     3 |      0 |      0 |          0 |
|         adapter                                                        |                                                             axi_peripheral_adapter |        475 |        475 |       0 |    0 |   114 |      0 |      0 |          0 |
|         device_0                                                       |                                                                              clint |         40 |         40 |       0 |    0 |   169 |      0 |      0 |          0 |
|         device_2                                                       |                                                                          uart16550 |        612 |        612 |       0 |    0 |   494 |      0 |      0 |          1 |
|       system                                                           |                                                                    checkpoint9_top |      16083 |      14925 |    1158 |    0 |  6718 |     16 |      0 |          4 |
|         cpu                                                            |                                                                   rv32_cached_core |      14498 |      13570 |     928 |    0 |  6535 |     16 |      0 |          4 |
|           trace                                                        |                                                                    trace_ring_uart |        972 |        268 |     704 |    0 |   239 |      0 |      0 |          0 |
|             (trace)                                                    |                                                                    trace_ring_uart |        874 |        170 |     704 |    0 |   215 |      0 |      0 |          0 |
|             transmitter                                                |                                                                       uart_tx_byte |         98 |         98 |       0 |    0 |    24 |      0 |      0 |          0 |
|           core                                                         |                                                                         rv32_slice |       8161 |       8161 |       0 |    0 |  3312 |      0 |      0 |          4 |
|           dcache                                                       |                                                           l1_cache__parameterized0 |       3707 |       3595 |     112 |    0 |  1682 |      8 |      0 |          0 |
|             (dcache)                                                   |                                                           l1_cache__parameterized0 |       3214 |       3102 |     112 |    0 |  1570 |      8 |      0 |          0 |
|             bypass                                                     |                                                   axi_width_bridge__parameterized0 |        493 |        493 |       0 |    0 |   112 |      0 |      0 |          0 |
|           icache                                                       |                                                                           l1_cache |       1629 |       1517 |     112 |    0 |  1294 |      8 |      0 |          0 |
|             (icache)                                                   |                                                                           l1_cache |       1397 |       1285 |     112 |    0 |  1222 |      8 |      0 |          0 |
|             bypass                                                     |                                                                   axi_width_bridge |        232 |        232 |       0 |    0 |    72 |      0 |      0 |          0 |
|         bus                                                            |                                                                      axi_subsystem |       1559 |       1329 |     230 |    0 |   155 |      0 |      0 |          0 |
|           fabric                                                       |                                                                         axi_fabric |       1257 |       1257 |       0 |    0 |    20 |      0 |      0 |          0 |
|           crossing                                                     |                                                                            axi_cdc |        298 |         68 |     230 |    0 |   130 |      0 |      0 |          0 |
|             r_fifo                                                     |                                                         async_fifo__parameterized2 |        101 |         13 |      88 |    0 |    26 |      0 |      0 |          0 |
|             w_fifo                                                     |                                                         async_fifo__parameterized0 |        111 |         13 |      98 |    0 |    26 |      0 |      0 |          0 |
|   mig                                                                  |                                                                  ddr_probe_wrapper |       5205 |       4637 |     352 |  216 |  4804 |      0 |      0 |          0 |
|     ddr_probe_i                                                        |                                                                          ddr_probe |       5204 |       4636 |     352 |  216 |  4804 |      0 |      0 |          0 |
|       mig_7series_0                                                    |                                                          ddr_probe_mig_7series_0_0 |       5204 |       4636 |     352 |  216 |  4804 |      0 |      0 |          0 |
|         (mig_7series_0)                                                |                                                          ddr_probe_mig_7series_0_0 |        216 |          0 |     216 |    0 |     0 |      0 |      0 |          0 |
|         u_ddr_probe_mig_7series_0_0_mig                                |                                                      ddr_probe_mig_7series_0_0_mig |       4988 |       4636 |     136 |  216 |  4804 |      0 |      0 |          0 |
|           temp_mon_enabled.u_tempmon                                   |                                 ddr_probe_mig_7series_0_0_mig_7series_v4_2_tempmon |         39 |         39 |       0 |    0 |   122 |      0 |      0 |          0 |
|           u_ddr2_infrastructure                                        |                          ddr_probe_mig_7series_0_0_mig_7series_v4_2_infrastructure |         21 |         21 |       0 |    0 |    54 |      0 |      0 |          0 |
|           u_memc_ui_top_axi                                            |                         ddr_probe_mig_7series_0_0_mig_7series_v4_2_memc_ui_top_axi |       4926 |       4574 |     136 |  216 |  4613 |      0 |      0 |          0 |
|             u_ui_top                                                   |                                  ddr_probe_mig_7series_0_0_mig_7series_v4_2_ui_top |        366 |        262 |     104 |    0 |   395 |      0 |      0 |          0 |
|               ui_cmd0                                                  |                                  ddr_probe_mig_7series_0_0_mig_7series_v4_2_ui_cmd |         39 |         39 |       0 |    0 |    52 |      0 |      0 |          0 |
|               ui_wr_data0                                              |                              ddr_probe_mig_7series_0_0_mig_7series_v4_2_ui_wr_data |        312 |        208 |     104 |    0 |   333 |      0 |      0 |          0 |
|             mem_intfc0                                                 |                               ddr_probe_mig_7series_0_0_mig_7series_v4_2_mem_intfc |       3053 |       3005 |      32 |   16 |  2648 |      0 |      0 |          0 |
|               ddr_phy_top0                                             |                             ddr_probe_mig_7series_0_0_mig_7series_v4_2_ddr_phy_top |       2455 |       2412 |      28 |   15 |  2159 |      0 |      0 |          0 |
|                 u_ddr_mc_phy_wrapper                                   |                      ddr_probe_mig_7series_0_0_mig_7series_v4_2_ddr_mc_phy_wrapper |        459 |        429 |      28 |    2 |   373 |      0 |      0 |          0 |
|                   u_ddr_mc_phy                                         |                              ddr_probe_mig_7series_0_0_mig_7series_v4_2_ddr_mc_phy |        360 |        330 |      28 |    2 |   286 |      0 |      0 |          0 |
|                     ddr_phy_4lanes_0.u_ddr_phy_4lanes                  |                          ddr_probe_mig_7series_0_0_mig_7series_v4_2_ddr_phy_4lanes |        359 |        329 |      28 |    2 |   270 |      0 |      0 |          0 |
|                       ddr_byte_lane_C.ddr_byte_lane_C                  |           ddr_probe_mig_7series_0_0_mig_7series_v4_2_ddr_byte_lane__parameterized1 |        139 |        138 |       0 |    1 |   111 |      0 |      0 |          0 |
|                         (ddr_byte_lane_C.ddr_byte_lane_C)              |           ddr_probe_mig_7series_0_0_mig_7series_v4_2_ddr_byte_lane__parameterized1 |          0 |          0 |       0 |    0 |    69 |      0 |      0 |          0 |
|                         dq_gen_40.if_post_fifo_gen.u_ddr_if_post_fifo  |                        ddr_probe_mig_7series_0_0_mig_7series_v4_2_ddr_if_post_fifo |        116 |        116 |       0 |    0 |    16 |      0 |      0 |          0 |
|                       ddr_byte_lane_A.ddr_byte_lane_A                  |                           ddr_probe_mig_7series_0_0_mig_7series_v4_2_ddr_byte_lane |        145 |        145 |       0 |    0 |   109 |      0 |      0 |          0 |
|                         (ddr_byte_lane_A.ddr_byte_lane_A)              |                           ddr_probe_mig_7series_0_0_mig_7series_v4_2_ddr_byte_lane |          4 |          4 |       0 |    0 |    69 |      0 |      0 |          0 |
|                         dq_gen_40.if_post_fifo_gen.u_ddr_if_post_fifo  |                     ddr_probe_mig_7series_0_0_mig_7series_v4_2_ddr_if_post_fifo_82 |        119 |        119 |       0 |    0 |    16 |      0 |      0 |          0 |
|                 u_ddr_calib_top                                        |                           ddr_probe_mig_7series_0_0_mig_7series_v4_2_ddr_calib_top |       1992 |       1979 |       0 |   13 |  1786 |      0 |      0 |          0 |
|                   (u_ddr_calib_top)                                    |                           ddr_probe_mig_7series_0_0_mig_7series_v4_2_ddr_calib_top |        102 |        101 |       0 |    1 |    28 |      0 |      0 |          0 |
|                   ddr_phy_rdlvl_gen.u_ddr_phy_rdlvl                    |                           ddr_probe_mig_7series_0_0_mig_7series_v4_2_ddr_phy_rdlvl |        540 |        540 |       0 |    0 |   872 |      0 |      0 |          0 |
|                   ddr_phy_tempmon_0                                    |                         ddr_probe_mig_7series_0_0_mig_7series_v4_2_ddr_phy_tempmon |        247 |        247 |       0 |    0 |   229 |      0 |      0 |          0 |
|                   dqsfind_calib_left.u_ddr_phy_dqs_found_cal_hr        |                ddr_probe_mig_7series_0_0_mig_7series_v4_2_ddr_phy_dqs_found_cal_hr |        139 |        138 |       0 |    1 |    96 |      0 |      0 |          0 |
|                   u_ddr_phy_init                                       |                            ddr_probe_mig_7series_0_0_mig_7series_v4_2_ddr_phy_init |        784 |        781 |       0 |    3 |   238 |      0 |      0 |          0 |
|                   u_ddr_phy_wrcal                                      |                           ddr_probe_mig_7series_0_0_mig_7series_v4_2_ddr_phy_wrcal |        146 |        141 |       0 |    5 |   297 |      0 |      0 |          0 |
|               mc0                                                      |                                      ddr_probe_mig_7series_0_0_mig_7series_v4_2_mc |        598 |        593 |       4 |    1 |   489 |      0 |      0 |          0 |
|                 (mc0)                                                  |                                      ddr_probe_mig_7series_0_0_mig_7series_v4_2_mc |          8 |          8 |       0 |    0 |    72 |      0 |      0 |          0 |
|                 bank_mach0                                             |                               ddr_probe_mig_7series_0_0_mig_7series_v4_2_bank_mach |        516 |        516 |       0 |    0 |   349 |      0 |      0 |          0 |
|                   arb_mux0                                             |                                 ddr_probe_mig_7series_0_0_mig_7series_v4_2_arb_mux |        206 |        206 |       0 |    0 |    44 |      0 |      0 |          0 |
|                     arb_row_col0                                       |                             ddr_probe_mig_7series_0_0_mig_7series_v4_2_arb_row_col |        206 |        206 |       0 |    0 |    40 |      0 |      0 |          0 |
|                       row_arb0                                         |      ddr_probe_mig_7series_0_0_mig_7series_v4_2_round_robin_arb__parameterized1_78 |         64 |         64 |       0 |    0 |     8 |      0 |      0 |          0 |
|                       col_arb0                                         |         ddr_probe_mig_7series_0_0_mig_7series_v4_2_round_robin_arb__parameterized1 |         71 |         71 |       0 |    0 |     8 |      0 |      0 |          0 |
|                   bank_cntrl[0].bank0                                  |                              ddr_probe_mig_7series_0_0_mig_7series_v4_2_bank_cntrl |         79 |         79 |       0 |    0 |    70 |      0 |      0 |          0 |
|                     bank_queue0                                        |                              ddr_probe_mig_7series_0_0_mig_7series_v4_2_bank_queue |         51 |         51 |       0 |    0 |    18 |      0 |      0 |          0 |
|                   bank_cntrl[1].bank0                                  |              ddr_probe_mig_7series_0_0_mig_7series_v4_2_bank_cntrl__parameterized0 |         65 |         65 |       0 |    0 |    70 |      0 |      0 |          0 |
|                   bank_cntrl[2].bank0                                  |              ddr_probe_mig_7series_0_0_mig_7series_v4_2_bank_cntrl__parameterized1 |         70 |         70 |       0 |    0 |    73 |      0 |      0 |          0 |
|                   bank_cntrl[3].bank0                                  |              ddr_probe_mig_7series_0_0_mig_7series_v4_2_bank_cntrl__parameterized2 |         66 |         66 |       0 |    0 |    70 |      0 |      0 |          0 |
|                 rank_mach0                                             |                               ddr_probe_mig_7series_0_0_mig_7series_v4_2_rank_mach |         54 |         53 |       0 |    1 |    49 |      0 |      0 |          0 |
|             u_axi_mc                                                   |                                  ddr_probe_mig_7series_0_0_mig_7series_v4_2_axi_mc |       1498 |       1298 |       0 |  200 |  1568 |      0 |      0 |          0 |
|               axi_mc_w_channel_0                                       |                        ddr_probe_mig_7series_0_0_mig_7series_v4_2_axi_mc_w_channel |        147 |        147 |       0 |    0 |   292 |      0 |      0 |          0 |
|               USE_UPSIZER.upsizer_d2                                   |                         ddr_probe_mig_7series_0_0_mig_7series_v4_2_ddr_axi_upsizer |        925 |        862 |       0 |   63 |  1022 |      0 |      0 |          0 |
|                 USE_READ.read_addr_inst                                |           ddr_probe_mig_7series_0_0_mig_7series_v4_2_ddr_a_upsizer__parameterized0 |        104 |         73 |       0 |   31 |    90 |      0 |      0 |          0 |
|                   USE_BURSTS.cmd_queue                                 |                     ddr_probe_mig_7series_0_0_mig_7series_v4_2_ddr_command_fifo_60 |         91 |         60 |       0 |   31 |    40 |      0 |      0 |          0 |
|                     (USE_BURSTS.cmd_queue)                             |                     ddr_probe_mig_7series_0_0_mig_7series_v4_2_ddr_command_fifo_60 |         81 |         50 |       0 |   31 |    39 |      0 |      0 |          0 |
|                 USE_READ.read_data_inst                                |                           ddr_probe_mig_7series_0_0_mig_7series_v4_2_ddr_r_upsizer |         90 |         90 |       0 |    0 |   153 |      0 |      0 |          0 |
|                   (USE_READ.read_data_inst)                            |                           ddr_probe_mig_7series_0_0_mig_7series_v4_2_ddr_r_upsizer |         79 |         79 |       0 |    0 |   152 |      0 |      0 |          0 |
|                 USE_WRITE.write_addr_inst                              |                           ddr_probe_mig_7series_0_0_mig_7series_v4_2_ddr_a_upsizer |        123 |         91 |       0 |   32 |    91 |      0 |      0 |          0 |
|                   USE_BURSTS.cmd_queue                                 |                        ddr_probe_mig_7series_0_0_mig_7series_v4_2_ddr_command_fifo |        109 |         77 |       0 |   32 |    41 |      0 |      0 |          0 |
|                     (USE_BURSTS.cmd_queue)                             |                        ddr_probe_mig_7series_0_0_mig_7series_v4_2_ddr_command_fifo |         99 |         67 |       0 |   32 |    40 |      0 |      0 |          0 |
|                 USE_WRITE.write_data_inst                              |                           ddr_probe_mig_7series_0_0_mig_7series_v4_2_ddr_w_upsizer |        336 |        336 |       0 |    0 |   309 |      0 |      0 |          0 |
|                   (USE_WRITE.write_data_inst)                          |                           ddr_probe_mig_7series_0_0_mig_7series_v4_2_ddr_w_upsizer |        175 |        175 |       0 |    0 |   308 |      0 |      0 |          0 |
|                   USE_FPGA_WORD_COMPLETED.word_complete_rest_last_inst |                        ddr_probe_mig_7series_0_0_mig_7series_v4_2_ddr_carry_and_12 |        146 |        146 |       0 |    0 |     0 |      0 |      0 |          0 |
|                 mi_register_slice_inst                                 |  ddr_probe_mig_7series_0_0_mig_7series_v4_2_ddr_axi_register_slice__parameterized0 |        143 |        143 |       0 |    0 |   276 |      0 |      0 |          0 |
|                   r_pipe                                               | ddr_probe_mig_7series_0_0_mig_7series_v4_2_ddr_axic_register_slice__parameterized4 |        143 |        143 |       0 |    0 |   275 |      0 |      0 |          0 |
|                 si_register_slice_inst                                 |                  ddr_probe_mig_7series_0_0_mig_7series_v4_2_ddr_axi_register_slice |        129 |        129 |       0 |    0 |   103 |      0 |      0 |          0 |
|                   aw_pipe                                              |               ddr_probe_mig_7series_0_0_mig_7series_v4_2_ddr_axic_register_slice_3 |         69 |         69 |       0 |    0 |    52 |      0 |      0 |          0 |
|                   ar_pipe                                              |                 ddr_probe_mig_7series_0_0_mig_7series_v4_2_ddr_axic_register_slice |         59 |         59 |       0 |    0 |    50 |      0 |      0 |          0 |
|               axi_mc_ar_channel_0                                      |                       ddr_probe_mig_7series_0_0_mig_7series_v4_2_axi_mc_ar_channel |        117 |        117 |       0 |    0 |    91 |      0 |      0 |          0 |
|                 axi_mc_cmd_translator_0                                |                 ddr_probe_mig_7series_0_0_mig_7series_v4_2_axi_mc_cmd_translator_0 |         51 |         51 |       0 |    0 |    43 |      0 |      0 |          0 |
|                 ar_cmd_fsm_0                                           |                          ddr_probe_mig_7series_0_0_mig_7series_v4_2_axi_mc_cmd_fsm |         65 |         65 |       0 |    0 |     1 |      0 |      0 |          0 |
|               axi_mc_aw_channel_0                                      |                       ddr_probe_mig_7series_0_0_mig_7series_v4_2_axi_mc_aw_channel |        113 |        113 |       0 |    0 |    89 |      0 |      0 |          0 |
|                 aw_cmd_fsm_0                                           |                       ddr_probe_mig_7series_0_0_mig_7series_v4_2_axi_mc_wr_cmd_fsm |         76 |         76 |       0 |    0 |     1 |      0 |      0 |          0 |
|               axi_mc_r_channel_0                                       |                        ddr_probe_mig_7series_0_0_mig_7series_v4_2_axi_mc_r_channel |        156 |         23 |       0 |  133 |    25 |      0 |      0 |          0 |
|                 rd_data_fifo_0                                         |             ddr_probe_mig_7series_0_0_mig_7series_v4_2_axi_mc_fifo__parameterized0 |        137 |          9 |       0 |  128 |     6 |      0 |      0 |          0 |
+------------------------------------------------------------------------+------------------------------------------------------------------------------------+------------+------------+---------+------+-------+--------+--------+------------+
