Copyright 1986-2022 Xilinx, Inc. All Rights Reserved. Copyright 2022-2026 Advanced Micro Devices, Inc. All Rights Reserved.
---------------------------------------------------------------------------------------------------------------------------------------------
| Tool Version : Vivado v.2026.1 (lin64) Build 6511674 Tue Jun 16 11:01:26 MDT 2026
| Date         : Sun Oct 11 01:18:08 2026
| Host         : B850M-Riptide-WiFi running 64-bit Ubuntu 24.04.5 LTS
| Command      : report_drc -file /home/tyler/checkpoint10_src/build/checkpoint10-board/vivado-reports/drc.rpt
| Design       : checkpoint10_board_top
| Device       : xc7a100tcsg324-1
| Speed File   : -1
| Design State : Fully Routed
---------------------------------------------------------------------------------------------------------------------------------------------

Report DRC

Table of Contents
-----------------
1. REPORT SUMMARY
2. REPORT DETAILS

1. REPORT SUMMARY
-----------------
            Netlist: netlist
          Floorplan: impl_1
      Design limits: <entire design considered>
           Ruledeck: default
             Max checks: <unlimited>
             Checks found: 34
+-----------+----------+----------------------------+--------+
| Rule      | Severity | Description                | Checks |
+-----------+----------+----------------------------+--------+
| CHECK-3   | Warning  | Report rule limit reached  | 1      |
| DPIP-1    | Warning  | Input pipelining           | 2      |
| DPOP-1    | Warning  | PREG Output pipelining     | 5      |
| DPOP-2    | Warning  | MREG Output pipelining     | 5      |
| REQP-1709 | Warning  | Clock output buffering     | 1      |
| REQP-1839 | Warning  | RAMB36 async control check | 20     |
+-----------+----------+----------------------------+--------+

2. REPORT DETAILS
-----------------
CHECK-3#1 Warning
Report rule limit reached
REQP-1839 rule limit reached: 20 violations have been found.
Related violations: <none>

DPIP-1#1 Warning
Input pipelining
DSP board/system/mmio/device_2/timeout_cycles0 input board/system/mmio/device_2/timeout_cycles0/A[29:0] is not pipelined. Pipelining DSP48 input will improve performance.
Related violations: <none>

DPIP-1#2 Warning
Input pipelining
DSP board/system/mmio/device_2/timeout_cycles0 input board/system/mmio/device_2/timeout_cycles0/B[17:0] is not pipelined. Pipelining DSP48 input will improve performance.
Related violations: <none>

DPOP-1#1 Warning
PREG Output pipelining
DSP board/system/mmio/device_2/timeout_cycles0 output board/system/mmio/device_2/timeout_cycles0/P[47:0] is not pipelined (PREG=0). Pipelining the DSP48 output will improve performance and often saves power so it is suggested whenever possible to fully pipeline this function.  If this DSP48 function was inferred, it is suggested to describe an additional register stage after this function.  If the DSP48 was instantiated in the design, it is suggested to set the PREG attribute to 1.
Related violations: <none>

DPOP-1#2 Warning
PREG Output pipelining
DSP board/system/system/cpu/core/mul_uu output board/system/system/cpu/core/mul_uu/P[47:0] is not pipelined (PREG=0). Pipelining the DSP48 output will improve performance and often saves power so it is suggested whenever possible to fully pipeline this function.  If this DSP48 function was inferred, it is suggested to describe an additional register stage after this function.  If the DSP48 was instantiated in the design, it is suggested to set the PREG attribute to 1.
Related violations: <none>

DPOP-1#3 Warning
PREG Output pipelining
DSP board/system/system/cpu/core/mul_uu__0 output board/system/system/cpu/core/mul_uu__0/P[47:0] is not pipelined (PREG=0). Pipelining the DSP48 output will improve performance and often saves power so it is suggested whenever possible to fully pipeline this function.  If this DSP48 function was inferred, it is suggested to describe an additional register stage after this function.  If the DSP48 was instantiated in the design, it is suggested to set the PREG attribute to 1.
Related violations: <none>

DPOP-1#4 Warning
PREG Output pipelining
DSP board/system/system/cpu/core/mul_uu__1 output board/system/system/cpu/core/mul_uu__1/P[47:0] is not pipelined (PREG=0). Pipelining the DSP48 output will improve performance and often saves power so it is suggested whenever possible to fully pipeline this function.  If this DSP48 function was inferred, it is suggested to describe an additional register stage after this function.  If the DSP48 was instantiated in the design, it is suggested to set the PREG attribute to 1.
Related violations: <none>

DPOP-1#5 Warning
PREG Output pipelining
DSP board/system/system/cpu/core/mul_uu__2 output board/system/system/cpu/core/mul_uu__2/P[47:0] is not pipelined (PREG=0). Pipelining the DSP48 output will improve performance and often saves power so it is suggested whenever possible to fully pipeline this function.  If this DSP48 function was inferred, it is suggested to describe an additional register stage after this function.  If the DSP48 was instantiated in the design, it is suggested to set the PREG attribute to 1.
Related violations: <none>

DPOP-2#1 Warning
MREG Output pipelining
DSP board/system/mmio/device_2/timeout_cycles0 multiplier stage board/system/mmio/device_2/timeout_cycles0/P[47:0] is not pipelined (MREG=0). Pipelining the multiplier function will improve performance and will save significant power so it is suggested whenever possible to fully pipeline this function.  If this multiplier was inferred, it is suggested to describe an additional register stage after this function.  If there is no registered adder/accumulator following the multiply function, two pipeline stages are suggested to allow both the MREG and PREG registers to be used.  If the DSP48 was instantiated in the design, it is suggested to set both the MREG and PREG attributes to 1 when performing multiply functions.
Related violations: <none>

DPOP-2#2 Warning
MREG Output pipelining
DSP board/system/system/cpu/core/mul_uu multiplier stage board/system/system/cpu/core/mul_uu/P[47:0] is not pipelined (MREG=0). Pipelining the multiplier function will improve performance and will save significant power so it is suggested whenever possible to fully pipeline this function.  If this multiplier was inferred, it is suggested to describe an additional register stage after this function.  If there is no registered adder/accumulator following the multiply function, two pipeline stages are suggested to allow both the MREG and PREG registers to be used.  If the DSP48 was instantiated in the design, it is suggested to set both the MREG and PREG attributes to 1 when performing multiply functions.
Related violations: <none>

DPOP-2#3 Warning
MREG Output pipelining
DSP board/system/system/cpu/core/mul_uu__0 multiplier stage board/system/system/cpu/core/mul_uu__0/P[47:0] is not pipelined (MREG=0). Pipelining the multiplier function will improve performance and will save significant power so it is suggested whenever possible to fully pipeline this function.  If this multiplier was inferred, it is suggested to describe an additional register stage after this function.  If there is no registered adder/accumulator following the multiply function, two pipeline stages are suggested to allow both the MREG and PREG registers to be used.  If the DSP48 was instantiated in the design, it is suggested to set both the MREG and PREG attributes to 1 when performing multiply functions.
Related violations: <none>

DPOP-2#4 Warning
MREG Output pipelining
DSP board/system/system/cpu/core/mul_uu__1 multiplier stage board/system/system/cpu/core/mul_uu__1/P[47:0] is not pipelined (MREG=0). Pipelining the multiplier function will improve performance and will save significant power so it is suggested whenever possible to fully pipeline this function.  If this multiplier was inferred, it is suggested to describe an additional register stage after this function.  If there is no registered adder/accumulator following the multiply function, two pipeline stages are suggested to allow both the MREG and PREG registers to be used.  If the DSP48 was instantiated in the design, it is suggested to set both the MREG and PREG attributes to 1 when performing multiply functions.
Related violations: <none>

DPOP-2#5 Warning
MREG Output pipelining
DSP board/system/system/cpu/core/mul_uu__2 multiplier stage board/system/system/cpu/core/mul_uu__2/P[47:0] is not pipelined (MREG=0). Pipelining the multiplier function will improve performance and will save significant power so it is suggested whenever possible to fully pipeline this function.  If this multiplier was inferred, it is suggested to describe an additional register stage after this function.  If there is no registered adder/accumulator following the multiply function, two pipeline stages are suggested to allow both the MREG and PREG registers to be used.  If the DSP48 was instantiated in the design, it is suggested to set both the MREG and PREG attributes to 1 when performing multiply functions.
Related violations: <none>

REQP-1709#1 Warning
Clock output buffering
PLLE2_ADV connectivity violation. The signal mig/ddr_probe_i/mig_7series_0/u_ddr_probe_mig_7series_0_0_mig/u_ddr2_infrastructure/pll_clk3_out on the mig/ddr_probe_i/mig_7series_0/u_ddr_probe_mig_7series_0_0_mig/u_ddr2_infrastructure/plle2_i/CLKOUT3 pin of mig/ddr_probe_i/mig_7series_0/u_ddr_probe_mig_7series_0_0_mig/u_ddr2_infrastructure/plle2_i does not drive the same kind of BUFFER load as the other CLKOUT pins. Routing from the different buffer types will not be phase aligned.
Related violations: <none>

REQP-1839#1 Warning
RAMB36 async control check
The RAMB36E1 board/system/system/cpu/trace/entries_reg_0 has an input control pin board/system/system/cpu/trace/entries_reg_0/ENARDEN (net: board/system/system/cpu/trace/entries_reg_0_i_1_n_0) which is driven by a register (board/system/system/bus/core_release_reg[1]) that has an active asychronous set or reset. This may cause corruption of the memory contents and/or read values when the set/reset is asserted and is not analyzed by the default static timing analysis. It is suggested to eliminate the use of a set/reset to registers driving this RAMB pin or else use a synchronous reset in which the assertion of the reset is timed by default.
Related violations: <none>

REQP-1839#2 Warning
RAMB36 async control check
The RAMB36E1 board/system/system/cpu/trace/entries_reg_0 has an input control pin board/system/system/cpu/trace/entries_reg_0/RSTRAMARSTRAM (net: board/system/system/cpu/trace/rst_n) which is driven by a register (board/system/system/bus/core_release_reg[1]) that has an active asychronous set or reset. This may cause corruption of the memory contents and/or read values when the set/reset is asserted and is not analyzed by the default static timing analysis. It is suggested to eliminate the use of a set/reset to registers driving this RAMB pin or else use a synchronous reset in which the assertion of the reset is timed by default.
Related violations: <none>

REQP-1839#3 Warning
RAMB36 async control check
The RAMB36E1 board/system/system/cpu/trace/entries_reg_0 has an input control pin board/system/system/cpu/trace/entries_reg_0/WEBWE[0] (net: board/system/system/cpu/trace/rst_n) which is driven by a register (board/system/system/bus/core_release_reg[1]) that has an active asychronous set or reset. This may cause corruption of the memory contents and/or read values when the set/reset is asserted and is not analyzed by the default static timing analysis. It is suggested to eliminate the use of a set/reset to registers driving this RAMB pin or else use a synchronous reset in which the assertion of the reset is timed by default.
Related violations: <none>

REQP-1839#4 Warning
RAMB36 async control check
The RAMB36E1 board/system/system/cpu/trace/entries_reg_0 has an input control pin board/system/system/cpu/trace/entries_reg_0/WEBWE[1] (net: board/system/system/cpu/trace/rst_n) which is driven by a register (board/system/system/bus/core_release_reg[1]) that has an active asychronous set or reset. This may cause corruption of the memory contents and/or read values when the set/reset is asserted and is not analyzed by the default static timing analysis. It is suggested to eliminate the use of a set/reset to registers driving this RAMB pin or else use a synchronous reset in which the assertion of the reset is timed by default.
Related violations: <none>

REQP-1839#5 Warning
RAMB36 async control check
The RAMB36E1 board/system/system/cpu/trace/entries_reg_0 has an input control pin board/system/system/cpu/trace/entries_reg_0/WEBWE[2] (net: board/system/system/cpu/trace/rst_n) which is driven by a register (board/system/system/bus/core_release_reg[1]) that has an active asychronous set or reset. This may cause corruption of the memory contents and/or read values when the set/reset is asserted and is not analyzed by the default static timing analysis. It is suggested to eliminate the use of a set/reset to registers driving this RAMB pin or else use a synchronous reset in which the assertion of the reset is timed by default.
Related violations: <none>

REQP-1839#6 Warning
RAMB36 async control check
The RAMB36E1 board/system/system/cpu/trace/entries_reg_0 has an input control pin board/system/system/cpu/trace/entries_reg_0/WEBWE[3] (net: board/system/system/cpu/trace/rst_n) which is driven by a register (board/system/system/bus/core_release_reg[1]) that has an active asychronous set or reset. This may cause corruption of the memory contents and/or read values when the set/reset is asserted and is not analyzed by the default static timing analysis. It is suggested to eliminate the use of a set/reset to registers driving this RAMB pin or else use a synchronous reset in which the assertion of the reset is timed by default.
Related violations: <none>

REQP-1839#7 Warning
RAMB36 async control check
The RAMB36E1 board/system/system/cpu/trace/entries_reg_0 has an input control pin board/system/system/cpu/trace/entries_reg_0/WEBWE[4] (net: board/system/system/cpu/trace/rst_n) which is driven by a register (board/system/system/bus/core_release_reg[1]) that has an active asychronous set or reset. This may cause corruption of the memory contents and/or read values when the set/reset is asserted and is not analyzed by the default static timing analysis. It is suggested to eliminate the use of a set/reset to registers driving this RAMB pin or else use a synchronous reset in which the assertion of the reset is timed by default.
Related violations: <none>

REQP-1839#8 Warning
RAMB36 async control check
The RAMB36E1 board/system/system/cpu/trace/entries_reg_0 has an input control pin board/system/system/cpu/trace/entries_reg_0/WEBWE[5] (net: board/system/system/cpu/trace/rst_n) which is driven by a register (board/system/system/bus/core_release_reg[1]) that has an active asychronous set or reset. This may cause corruption of the memory contents and/or read values when the set/reset is asserted and is not analyzed by the default static timing analysis. It is suggested to eliminate the use of a set/reset to registers driving this RAMB pin or else use a synchronous reset in which the assertion of the reset is timed by default.
Related violations: <none>

REQP-1839#9 Warning
RAMB36 async control check
The RAMB36E1 board/system/system/cpu/trace/entries_reg_0 has an input control pin board/system/system/cpu/trace/entries_reg_0/WEBWE[6] (net: board/system/system/cpu/trace/rst_n) which is driven by a register (board/system/system/bus/core_release_reg[1]) that has an active asychronous set or reset. This may cause corruption of the memory contents and/or read values when the set/reset is asserted and is not analyzed by the default static timing analysis. It is suggested to eliminate the use of a set/reset to registers driving this RAMB pin or else use a synchronous reset in which the assertion of the reset is timed by default.
Related violations: <none>

REQP-1839#10 Warning
RAMB36 async control check
The RAMB36E1 board/system/system/cpu/trace/entries_reg_0 has an input control pin board/system/system/cpu/trace/entries_reg_0/WEBWE[7] (net: board/system/system/cpu/trace/rst_n) which is driven by a register (board/system/system/bus/core_release_reg[1]) that has an active asychronous set or reset. This may cause corruption of the memory contents and/or read values when the set/reset is asserted and is not analyzed by the default static timing analysis. It is suggested to eliminate the use of a set/reset to registers driving this RAMB pin or else use a synchronous reset in which the assertion of the reset is timed by default.
Related violations: <none>

REQP-1839#11 Warning
RAMB36 async control check
The RAMB36E1 board/system/system/cpu/trace/entries_reg_1 has an input control pin board/system/system/cpu/trace/entries_reg_1/ENARDEN (net: board/system/system/cpu/trace/entries_reg_0_i_1_n_0) which is driven by a register (board/system/system/bus/core_release_reg[1]) that has an active asychronous set or reset. This may cause corruption of the memory contents and/or read values when the set/reset is asserted and is not analyzed by the default static timing analysis. It is suggested to eliminate the use of a set/reset to registers driving this RAMB pin or else use a synchronous reset in which the assertion of the reset is timed by default.
Related violations: <none>

REQP-1839#12 Warning
RAMB36 async control check
The RAMB36E1 board/system/system/cpu/trace/entries_reg_1 has an input control pin board/system/system/cpu/trace/entries_reg_1/RSTRAMARSTRAM (net: board/system/system/cpu/trace/rst_n) which is driven by a register (board/system/system/bus/core_release_reg[1]) that has an active asychronous set or reset. This may cause corruption of the memory contents and/or read values when the set/reset is asserted and is not analyzed by the default static timing analysis. It is suggested to eliminate the use of a set/reset to registers driving this RAMB pin or else use a synchronous reset in which the assertion of the reset is timed by default.
Related violations: <none>

REQP-1839#13 Warning
RAMB36 async control check
The RAMB36E1 board/system/system/cpu/trace/entries_reg_1 has an input control pin board/system/system/cpu/trace/entries_reg_1/WEBWE[0] (net: board/system/system/cpu/trace/rst_n) which is driven by a register (board/system/system/bus/core_release_reg[1]) that has an active asychronous set or reset. This may cause corruption of the memory contents and/or read values when the set/reset is asserted and is not analyzed by the default static timing analysis. It is suggested to eliminate the use of a set/reset to registers driving this RAMB pin or else use a synchronous reset in which the assertion of the reset is timed by default.
Related violations: <none>

REQP-1839#14 Warning
RAMB36 async control check
The RAMB36E1 board/system/system/cpu/trace/entries_reg_1 has an input control pin board/system/system/cpu/trace/entries_reg_1/WEBWE[1] (net: board/system/system/cpu/trace/rst_n) which is driven by a register (board/system/system/bus/core_release_reg[1]) that has an active asychronous set or reset. This may cause corruption of the memory contents and/or read values when the set/reset is asserted and is not analyzed by the default static timing analysis. It is suggested to eliminate the use of a set/reset to registers driving this RAMB pin or else use a synchronous reset in which the assertion of the reset is timed by default.
Related violations: <none>

REQP-1839#15 Warning
RAMB36 async control check
The RAMB36E1 board/system/system/cpu/trace/entries_reg_1 has an input control pin board/system/system/cpu/trace/entries_reg_1/WEBWE[2] (net: board/system/system/cpu/trace/rst_n) which is driven by a register (board/system/system/bus/core_release_reg[1]) that has an active asychronous set or reset. This may cause corruption of the memory contents and/or read values when the set/reset is asserted and is not analyzed by the default static timing analysis. It is suggested to eliminate the use of a set/reset to registers driving this RAMB pin or else use a synchronous reset in which the assertion of the reset is timed by default.
Related violations: <none>

REQP-1839#16 Warning
RAMB36 async control check
The RAMB36E1 board/system/system/cpu/trace/entries_reg_1 has an input control pin board/system/system/cpu/trace/entries_reg_1/WEBWE[3] (net: board/system/system/cpu/trace/rst_n) which is driven by a register (board/system/system/bus/core_release_reg[1]) that has an active asychronous set or reset. This may cause corruption of the memory contents and/or read values when the set/reset is asserted and is not analyzed by the default static timing analysis. It is suggested to eliminate the use of a set/reset to registers driving this RAMB pin or else use a synchronous reset in which the assertion of the reset is timed by default.
Related violations: <none>

REQP-1839#17 Warning
RAMB36 async control check
The RAMB36E1 board/system/system/cpu/trace/entries_reg_1 has an input control pin board/system/system/cpu/trace/entries_reg_1/WEBWE[4] (net: board/system/system/cpu/trace/rst_n) which is driven by a register (board/system/system/bus/core_release_reg[1]) that has an active asychronous set or reset. This may cause corruption of the memory contents and/or read values when the set/reset is asserted and is not analyzed by the default static timing analysis. It is suggested to eliminate the use of a set/reset to registers driving this RAMB pin or else use a synchronous reset in which the assertion of the reset is timed by default.
Related violations: <none>

REQP-1839#18 Warning
RAMB36 async control check
The RAMB36E1 board/system/system/cpu/trace/entries_reg_1 has an input control pin board/system/system/cpu/trace/entries_reg_1/WEBWE[5] (net: board/system/system/cpu/trace/rst_n) which is driven by a register (board/system/system/bus/core_release_reg[1]) that has an active asychronous set or reset. This may cause corruption of the memory contents and/or read values when the set/reset is asserted and is not analyzed by the default static timing analysis. It is suggested to eliminate the use of a set/reset to registers driving this RAMB pin or else use a synchronous reset in which the assertion of the reset is timed by default.
Related violations: <none>

REQP-1839#19 Warning
RAMB36 async control check
The RAMB36E1 board/system/system/cpu/trace/entries_reg_1 has an input control pin board/system/system/cpu/trace/entries_reg_1/WEBWE[6] (net: board/system/system/cpu/trace/rst_n) which is driven by a register (board/system/system/bus/core_release_reg[1]) that has an active asychronous set or reset. This may cause corruption of the memory contents and/or read values when the set/reset is asserted and is not analyzed by the default static timing analysis. It is suggested to eliminate the use of a set/reset to registers driving this RAMB pin or else use a synchronous reset in which the assertion of the reset is timed by default.
Related violations: <none>

REQP-1839#20 Warning
RAMB36 async control check
The RAMB36E1 board/system/system/cpu/trace/entries_reg_1 has an input control pin board/system/system/cpu/trace/entries_reg_1/WEBWE[7] (net: board/system/system/cpu/trace/rst_n) which is driven by a register (board/system/system/bus/core_release_reg[1]) that has an active asychronous set or reset. This may cause corruption of the memory contents and/or read values when the set/reset is asserted and is not analyzed by the default static timing analysis. It is suggested to eliminate the use of a set/reset to registers driving this RAMB pin or else use a synchronous reset in which the assertion of the reset is timed by default.
Related violations: <none>
