Copyright 1986-2022 Xilinx, Inc. All Rights Reserved. Copyright 2022-2026 Advanced Micro Devices, Inc. All Rights Reserved.
---------------------------------------------------------------------------------------------------------------------------------------------
| Tool Version : Vivado v.2026.1 (lin64) Build 6511674 Tue Jun 16 11:01:26 MDT 2026
| Date         : Sun Oct 11 01:18:05 2026
| Host         : B850M-Riptide-WiFi running 64-bit Ubuntu 24.04.5 LTS
| Command      : report_utilization -hierarchical -file /home/tyler/checkpoint10_src/build/checkpoint10-board/vivado-reports/hierarchy.rpt
| Design       : checkpoint10_board_top
| Device       : xc7a100tcsg324-1
| Speed File   : -1
| Design State : Routed
---------------------------------------------------------------------------------------------------------------------------------------------

Utilization Design Information

Table of Contents
-----------------
1. Utilization by Hierarchy

1. Utilization by Hierarchy
---------------------------

+------------------------------------------------------------------------+------------------------------------------------------------------------------------+------------+------------+---------+------+-------+--------+--------+------------+
|                                Instance                                |                                       Module                                       | Total LUTs | Logic LUTs | LUTRAMs | SRLs |  FFs  | RAMB36 | RAMB18 | DSP Blocks |
+------------------------------------------------------------------------+------------------------------------------------------------------------------------+------------+------------+---------+------+-------+--------+--------+------------+
| checkpoint10_board_top                                                 |                                                                              (top) |      21497 |      20742 |     580 |  175 | 11932 |     82 |      4 |          5 |
|   (checkpoint10_board_top)                                             |                                                                              (top) |          0 |          0 |       0 |    0 |     0 |      0 |      0 |          0 |
|   board                                                                |                                                          checkpoint10_board_system |      16843 |      16615 |     228 |    0 |  7368 |     82 |      4 |          5 |
|     system                                                             |                                                                   checkpoint10_top |      16164 |      15936 |     228 |    0 |  7289 |     18 |      4 |          5 |
|       mmio                                                             |                                                                  checkpoint10_mmio |       1248 |       1248 |       0 |    0 |   806 |      0 |      0 |          1 |
|         (mmio)                                                         |                                                                  checkpoint10_mmio |        117 |        117 |       0 |    0 |     3 |      0 |      0 |          0 |
|         adapter                                                        |                                                             axi_peripheral_adapter |        476 |        476 |       0 |    0 |   116 |      0 |      0 |          0 |
|         device_0                                                       |                                                                              clint |         40 |         40 |       0 |    0 |   169 |      0 |      0 |          0 |
|         device_2                                                       |                                                                          uart16550 |        609 |        609 |       0 |    0 |   494 |      0 |      0 |          1 |
|       system                                                           |                                                                    checkpoint9_top |      14916 |      14688 |     228 |    0 |  6483 |     18 |      4 |          4 |
|         cpu                                                            |                                                                   rv32_cached_core |      13377 |      13377 |       0 |    0 |  6300 |     18 |      4 |          4 |
|           trace                                                        |                                                                    trace_ring_uart |        130 |        130 |       0 |    0 |    84 |      2 |      0 |          0 |
|             (trace)                                                    |                                                                    trace_ring_uart |         35 |         35 |       0 |    0 |    60 |      2 |      0 |          0 |
|             transmitter                                                |                                                                       uart_tx_byte |         96 |         96 |       0 |    0 |    24 |      0 |      0 |          0 |
|           core                                                         |                                                                         rv32_slice |       8247 |       8247 |       0 |    0 |  3312 |      0 |      0 |          4 |
|           dcache                                                       |                                                           l1_cache__parameterized0 |       3492 |       3492 |       0 |    0 |  1642 |      8 |      2 |          0 |
|             (dcache)                                                   |                                                           l1_cache__parameterized0 |       3004 |       3004 |       0 |    0 |  1530 |      8 |      2 |          0 |
|             bypass                                                     |                                                   axi_width_bridge__parameterized0 |        492 |        492 |       0 |    0 |   112 |      0 |      0 |          0 |
|           icache                                                       |                                                                           l1_cache |       1492 |       1492 |       0 |    0 |  1254 |      8 |      2 |          0 |
|             (icache)                                                   |                                                                           l1_cache |       1247 |       1247 |       0 |    0 |  1182 |      8 |      2 |          0 |
|             bypass                                                     |                                                                   axi_width_bridge |        247 |        247 |       0 |    0 |    72 |      0 |      0 |          0 |
|         bus                                                            |                                                                      axi_subsystem |       1514 |       1286 |     228 |    0 |   155 |      0 |      0 |          0 |
|           fabric                                                       |                                                                         axi_fabric |       1224 |       1224 |       0 |    0 |    20 |      0 |      0 |          0 |
|           crossing                                                     |                                                                            axi_cdc |        287 |         59 |     228 |    0 |   130 |      0 |      0 |          0 |
|             r_fifo                                                     |                                                         async_fifo__parameterized2 |         99 |         11 |      88 |    0 |    26 |      0 |      0 |          0 |
|             w_fifo                                                     |                                                         async_fifo__parameterized0 |        110 |         12 |      98 |    0 |    26 |      0 |      0 |          0 |
|     loader                                                             |                                                          checkpoint10_image_loader |        665 |        665 |       0 |    0 |    47 |     64 |      0 |          0 |
|   mig                                                                  |                                                                  ddr_probe_wrapper |       4654 |       4127 |     352 |  175 |  4564 |      0 |      0 |          0 |
|     ddr_probe_i                                                        |                                                                          ddr_probe |       4653 |       4126 |     352 |  175 |  4564 |      0 |      0 |          0 |
|       mig_7series_0                                                    |                                                          ddr_probe_mig_7series_0_0 |       4653 |       4126 |     352 |  175 |  4564 |      0 |      0 |          0 |
|         (mig_7series_0)                                                |                                                          ddr_probe_mig_7series_0_0 |        216 |          0 |     216 |    0 |     0 |      0 |      0 |          0 |
|         u_ddr_probe_mig_7series_0_0_mig                                |                                                      ddr_probe_mig_7series_0_0_mig |       4437 |       4126 |     136 |  175 |  4564 |      0 |      0 |          0 |
|           temp_mon_enabled.u_tempmon                                   |                                 ddr_probe_mig_7series_0_0_mig_7series_v4_2_tempmon |         38 |         38 |       0 |    0 |   122 |      0 |      0 |          0 |
|           u_memc_ui_top_axi                                            |                         ddr_probe_mig_7series_0_0_mig_7series_v4_2_memc_ui_top_axi |       4393 |       4082 |     136 |  175 |  4399 |      0 |      0 |          0 |
|             u_ui_top                                                   |                                  ddr_probe_mig_7series_0_0_mig_7series_v4_2_ui_top |        294 |        190 |     104 |    0 |   395 |      0 |      0 |          0 |
|               ui_cmd0                                                  |                                  ddr_probe_mig_7series_0_0_mig_7series_v4_2_ui_cmd |         39 |         39 |       0 |    0 |    52 |      0 |      0 |          0 |
|               ui_wr_data0                                              |                              ddr_probe_mig_7series_0_0_mig_7series_v4_2_ui_wr_data |        243 |        139 |     104 |    0 |   333 |      0 |      0 |          0 |
|             mem_intfc0                                                 |                               ddr_probe_mig_7series_0_0_mig_7series_v4_2_mem_intfc |       2817 |       2769 |      32 |   16 |  2576 |      0 |      0 |          0 |
|               ddr_phy_top0                                             |                             ddr_probe_mig_7series_0_0_mig_7series_v4_2_ddr_phy_top |       2231 |       2188 |      28 |   15 |  2090 |      0 |      0 |          0 |
|                 u_ddr_mc_phy_wrapper                                   |                      ddr_probe_mig_7series_0_0_mig_7series_v4_2_ddr_mc_phy_wrapper |        352 |        322 |      28 |    2 |   310 |      0 |      0 |          0 |
|                   u_ddr_mc_phy                                         |                              ddr_probe_mig_7series_0_0_mig_7series_v4_2_ddr_mc_phy |        352 |        322 |      28 |    2 |   286 |      0 |      0 |          0 |
|                     ddr_phy_4lanes_0.u_ddr_phy_4lanes                  |                          ddr_probe_mig_7series_0_0_mig_7series_v4_2_ddr_phy_4lanes |        351 |        321 |      28 |    2 |   270 |      0 |      0 |          0 |
|                       ddr_byte_lane_C.ddr_byte_lane_C                  |           ddr_probe_mig_7series_0_0_mig_7series_v4_2_ddr_byte_lane__parameterized1 |        139 |        138 |       0 |    1 |   111 |      0 |      0 |          0 |
|                         (ddr_byte_lane_C.ddr_byte_lane_C)              |           ddr_probe_mig_7series_0_0_mig_7series_v4_2_ddr_byte_lane__parameterized1 |          0 |          0 |       0 |    0 |    69 |      0 |      0 |          0 |
|                         dq_gen_40.if_post_fifo_gen.u_ddr_if_post_fifo  |                        ddr_probe_mig_7series_0_0_mig_7series_v4_2_ddr_if_post_fifo |        116 |        116 |       0 |    0 |    16 |      0 |      0 |          0 |
|                       ddr_byte_lane_A.ddr_byte_lane_A                  |                           ddr_probe_mig_7series_0_0_mig_7series_v4_2_ddr_byte_lane |        145 |        145 |       0 |    0 |   109 |      0 |      0 |          0 |
|                         (ddr_byte_lane_A.ddr_byte_lane_A)              |                           ddr_probe_mig_7series_0_0_mig_7series_v4_2_ddr_byte_lane |          4 |          4 |       0 |    0 |    69 |      0 |      0 |          0 |
|                         dq_gen_40.if_post_fifo_gen.u_ddr_if_post_fifo  |                     ddr_probe_mig_7series_0_0_mig_7series_v4_2_ddr_if_post_fifo_82 |        119 |        119 |       0 |    0 |    16 |      0 |      0 |          0 |
|                 u_ddr_calib_top                                        |                           ddr_probe_mig_7series_0_0_mig_7series_v4_2_ddr_calib_top |       1875 |       1862 |       0 |   13 |  1780 |      0 |      0 |          0 |
|                   (u_ddr_calib_top)                                    |                           ddr_probe_mig_7series_0_0_mig_7series_v4_2_ddr_calib_top |         86 |         85 |       0 |    1 |    28 |      0 |      0 |          0 |
|                   ddr_phy_rdlvl_gen.u_ddr_phy_rdlvl                    |                           ddr_probe_mig_7series_0_0_mig_7series_v4_2_ddr_phy_rdlvl |        536 |        536 |       0 |    0 |   872 |      0 |      0 |          0 |
|                   ddr_phy_tempmon_0                                    |                         ddr_probe_mig_7series_0_0_mig_7series_v4_2_ddr_phy_tempmon |        247 |        247 |       0 |    0 |   229 |      0 |      0 |          0 |
|                   dqsfind_calib_left.u_ddr_phy_dqs_found_cal_hr        |                ddr_probe_mig_7series_0_0_mig_7series_v4_2_ddr_phy_dqs_found_cal_hr |        135 |        134 |       0 |    1 |    90 |      0 |      0 |          0 |
|                   u_ddr_phy_init                                       |                            ddr_probe_mig_7series_0_0_mig_7series_v4_2_ddr_phy_init |        704 |        701 |       0 |    3 |   238 |      0 |      0 |          0 |
|                   u_ddr_phy_wrcal                                      |                           ddr_probe_mig_7series_0_0_mig_7series_v4_2_ddr_phy_wrcal |        146 |        141 |       0 |    5 |   297 |      0 |      0 |          0 |
|               mc0                                                      |                                      ddr_probe_mig_7series_0_0_mig_7series_v4_2_mc |        589 |        584 |       4 |    1 |   486 |      0 |      0 |          0 |
|                 (mc0)                                                  |                                      ddr_probe_mig_7series_0_0_mig_7series_v4_2_mc |          6 |          6 |       0 |    0 |    72 |      0 |      0 |          0 |
|                 bank_mach0                                             |                               ddr_probe_mig_7series_0_0_mig_7series_v4_2_bank_mach |        513 |        513 |       0 |    0 |   349 |      0 |      0 |          0 |
|                   arb_mux0                                             |                                 ddr_probe_mig_7series_0_0_mig_7series_v4_2_arb_mux |        205 |        205 |       0 |    0 |    44 |      0 |      0 |          0 |
|                     arb_row_col0                                       |                             ddr_probe_mig_7series_0_0_mig_7series_v4_2_arb_row_col |        205 |        205 |       0 |    0 |    40 |      0 |      0 |          0 |
|                       row_arb0                                         |      ddr_probe_mig_7series_0_0_mig_7series_v4_2_round_robin_arb__parameterized1_78 |         63 |         63 |       0 |    0 |     8 |      0 |      0 |          0 |
|                       col_arb0                                         |         ddr_probe_mig_7series_0_0_mig_7series_v4_2_round_robin_arb__parameterized1 |         71 |         71 |       0 |    0 |     8 |      0 |      0 |          0 |
|                   bank_cntrl[0].bank0                                  |                              ddr_probe_mig_7series_0_0_mig_7series_v4_2_bank_cntrl |         78 |         78 |       0 |    0 |    70 |      0 |      0 |          0 |
|                     bank_queue0                                        |                              ddr_probe_mig_7series_0_0_mig_7series_v4_2_bank_queue |         51 |         51 |       0 |    0 |    18 |      0 |      0 |          0 |
|                   bank_cntrl[1].bank0                                  |              ddr_probe_mig_7series_0_0_mig_7series_v4_2_bank_cntrl__parameterized0 |         65 |         65 |       0 |    0 |    70 |      0 |      0 |          0 |
|                   bank_cntrl[2].bank0                                  |              ddr_probe_mig_7series_0_0_mig_7series_v4_2_bank_cntrl__parameterized1 |         70 |         70 |       0 |    0 |    73 |      0 |      0 |          0 |
|                   bank_cntrl[3].bank0                                  |              ddr_probe_mig_7series_0_0_mig_7series_v4_2_bank_cntrl__parameterized2 |         66 |         66 |       0 |    0 |    70 |      0 |      0 |          0 |
|                 rank_mach0                                             |                               ddr_probe_mig_7series_0_0_mig_7series_v4_2_rank_mach |         52 |         51 |       0 |    1 |    46 |      0 |      0 |          0 |
|             u_axi_mc                                                   |                                  ddr_probe_mig_7series_0_0_mig_7series_v4_2_axi_mc |       1292 |       1133 |       0 |  159 |  1426 |      0 |      0 |          0 |
|               axi_mc_w_channel_0                                       |                        ddr_probe_mig_7series_0_0_mig_7series_v4_2_axi_mc_w_channel |        147 |        147 |       0 |    0 |   292 |      0 |      0 |          0 |
|               USE_UPSIZER.upsizer_d2                                   |                         ddr_probe_mig_7series_0_0_mig_7series_v4_2_ddr_axi_upsizer |        767 |        737 |       0 |   30 |   933 |      0 |      0 |          0 |
|                 USE_READ.read_addr_inst                                |           ddr_probe_mig_7series_0_0_mig_7series_v4_2_ddr_a_upsizer__parameterized0 |         85 |         71 |       0 |   14 |    72 |      0 |      0 |          0 |
|                   USE_BURSTS.cmd_queue                                 |                     ddr_probe_mig_7series_0_0_mig_7series_v4_2_ddr_command_fifo_60 |         74 |         60 |       0 |   14 |    40 |      0 |      0 |          0 |
|                     (USE_BURSTS.cmd_queue)                             |                     ddr_probe_mig_7series_0_0_mig_7series_v4_2_ddr_command_fifo_60 |         64 |         50 |       0 |   14 |    39 |      0 |      0 |          0 |
|                 USE_READ.read_data_inst                                |                           ddr_probe_mig_7series_0_0_mig_7series_v4_2_ddr_r_upsizer |         88 |         88 |       0 |    0 |   149 |      0 |      0 |          0 |
|                   (USE_READ.read_data_inst)                            |                           ddr_probe_mig_7series_0_0_mig_7series_v4_2_ddr_r_upsizer |         77 |         77 |       0 |    0 |   148 |      0 |      0 |          0 |
|                 USE_WRITE.write_addr_inst                              |                           ddr_probe_mig_7series_0_0_mig_7series_v4_2_ddr_a_upsizer |        105 |         89 |       0 |   16 |    74 |      0 |      0 |          0 |
|                   USE_BURSTS.cmd_queue                                 |                        ddr_probe_mig_7series_0_0_mig_7series_v4_2_ddr_command_fifo |         93 |         77 |       0 |   16 |    41 |      0 |      0 |          0 |
|                     (USE_BURSTS.cmd_queue)                             |                        ddr_probe_mig_7series_0_0_mig_7series_v4_2_ddr_command_fifo |         83 |         67 |       0 |   16 |    40 |      0 |      0 |          0 |
|                 USE_WRITE.write_data_inst                              |                           ddr_probe_mig_7series_0_0_mig_7series_v4_2_ddr_w_upsizer |        336 |        336 |       0 |    0 |   309 |      0 |      0 |          0 |
|                   (USE_WRITE.write_data_inst)                          |                           ddr_probe_mig_7series_0_0_mig_7series_v4_2_ddr_w_upsizer |        175 |        175 |       0 |    0 |   308 |      0 |      0 |          0 |
|                   USE_FPGA_WORD_COMPLETED.word_complete_rest_last_inst |                        ddr_probe_mig_7series_0_0_mig_7series_v4_2_ddr_carry_and_12 |        146 |        146 |       0 |    0 |     0 |      0 |      0 |          0 |
|                 mi_register_slice_inst                                 |  ddr_probe_mig_7series_0_0_mig_7series_v4_2_ddr_axi_register_slice__parameterized0 |        139 |        139 |       0 |    0 |   268 |      0 |      0 |          0 |
|                   r_pipe                                               | ddr_probe_mig_7series_0_0_mig_7series_v4_2_ddr_axic_register_slice__parameterized4 |        139 |        139 |       0 |    0 |   267 |      0 |      0 |          0 |
|                 si_register_slice_inst                                 |                  ddr_probe_mig_7series_0_0_mig_7series_v4_2_ddr_axi_register_slice |         18 |         18 |       0 |    0 |    61 |      0 |      0 |          0 |
|               axi_mc_ar_channel_0                                      |                       ddr_probe_mig_7series_0_0_mig_7series_v4_2_axi_mc_ar_channel |         99 |         99 |       0 |    0 |    70 |      0 |      0 |          0 |
|                 ar_cmd_fsm_0                                           |                          ddr_probe_mig_7series_0_0_mig_7series_v4_2_axi_mc_cmd_fsm |         56 |         56 |       0 |    0 |     1 |      0 |      0 |          0 |
|               axi_mc_aw_channel_0                                      |                       ddr_probe_mig_7series_0_0_mig_7series_v4_2_axi_mc_aw_channel |         95 |         95 |       0 |    0 |    69 |      0 |      0 |          0 |
|                 aw_cmd_fsm_0                                           |                       ddr_probe_mig_7series_0_0_mig_7series_v4_2_axi_mc_wr_cmd_fsm |         64 |         64 |       0 |    0 |     1 |      0 |      0 |          0 |
|               axi_mc_r_channel_0                                       |                        ddr_probe_mig_7series_0_0_mig_7series_v4_2_axi_mc_r_channel |        150 |         21 |       0 |  129 |    17 |      0 |      0 |          0 |
|                 rd_data_fifo_0                                         |             ddr_probe_mig_7series_0_0_mig_7series_v4_2_axi_mc_fifo__parameterized0 |        137 |          9 |       0 |  128 |     6 |      0 |      0 |          0 |
+------------------------------------------------------------------------+------------------------------------------------------------------------------------+------------+------------+---------+------+-------+--------+--------+------------+
* Note: The sum of lower-level cells may be larger than their parent cells total, due to cross-hierarchy LUT combining
