Copyright 1986-2022 Xilinx, Inc. All Rights Reserved. Copyright 2022-2026 Advanced Micro Devices, Inc. All Rights Reserved.
---------------------------------------------------------------------------------------------------------------------------------------------
| Tool Version : Vivado v.2026.1 (lin64) Build 6511674 Tue Jun 16 11:01:26 MDT 2026
| Date         : Sun Oct 11 00:59:39 2026
| Host         : B850M-Riptide-WiFi running 64-bit Ubuntu 24.04.5 LTS
| Command      : report_utilization -file /home/tyler/checkpoint10_src/build/checkpoint10-board/vivado-reports/synthesis_utilization.rpt
| Design       : checkpoint10_board_top
| Device       : xc7a100tcsg324-1
| Speed File   : -1
| Design State : Synthesized
---------------------------------------------------------------------------------------------------------------------------------------------

Utilization Design Information

Table of Contents
-----------------
1. Slice Logic
1.1 Summary of Registers by Type
2. Memory
3. DSP
4. IO and GT Specific
5. Clocking
6. Specific Feature
7. Primitives
8. Black Boxes
9. Instantiated Netlists

1. Slice Logic
--------------

+----------------------------+-------+-------+------------+-----------+-------+
|          Site Type         |  Used | Fixed | Prohibited | Available | Util% |
+----------------------------+-------+-------+------------+-----------+-------+
| Slice LUTs*                | 22485 |     0 |          0 |     63400 | 35.47 |
|   LUT as Logic             | 21687 |     0 |          0 |     63400 | 34.21 |
|   LUT as Memory            |   798 |     0 |          0 |     19000 |  4.20 |
|     LUT as Distributed RAM |   582 |     0 |            |           |       |
|     LUT as Shift Register  |   216 |     0 |            |           |       |
| Slice Registers            | 12268 |     2 |          0 |    126800 |  9.68 |
|   Register as Flip Flop    | 12256 |     2 |          0 |    126800 |  9.67 |
|   Register as Latch        |     0 |     0 |          0 |    126800 |  0.00 |
|   Register as AND/OR       |    12 |     0 |          0 |    126800 | <0.01 |
| F7 Muxes                   |   511 |     0 |          0 |     31700 |  1.61 |
| F8 Muxes                   |    55 |     0 |          0 |     15850 |  0.35 |
| Unique Control Sets        |   417 |       |          0 |     15850 |  2.63 |
+----------------------------+-------+-------+------------+-----------+-------+
* Warning! The Final LUT count, after physical optimizations and full implementation, is typically lower. Run opt_design after synthesis, if not already completed, for a more realistic count.
Warning! LUT value is adjusted to account for LUT combining.
Warning! For any ECO changes, please run place_design if there are unplaced instances
** Note: Available Control Sets calculated as Slice * 1, Review the Control Sets Report for more information regarding control sets.


1.1 Summary of Registers by Type
--------------------------------

+-------+--------------+-------------+--------------+
| Total | Clock Enable | Synchronous | Asynchronous |
+-------+--------------+-------------+--------------+
| 12    |            _ |           - |            - |
| 0     |            _ |           - |          Set |
| 0     |            _ |           - |        Reset |
| 0     |            _ |         Set |            - |
| 0     |            _ |       Reset |            - |
| 0     |          Yes |           - |            - |
| 160   |          Yes |           - |          Set |
| 801   |          Yes |           - |        Reset |
| 163   |          Yes |         Set |            - |
| 11132 |          Yes |       Reset |            - |
+-------+--------------+-------------+--------------+


2. Memory
---------

+-------------------+------+-------+------------+-----------+-------+
|     Site Type     | Used | Fixed | Prohibited | Available | Util% |
+-------------------+------+-------+------------+-----------+-------+
| Block RAM Tile    |   84 |     0 |          0 |       135 | 62.22 |
|   RAMB36/FIFO*    |   82 |     0 |          0 |       135 | 60.74 |
|     RAMB36E1 only |   82 |       |            |           |       |
|   RAMB18          |    4 |     0 |          0 |       270 |  1.48 |
|     RAMB18E1 only |    4 |       |            |           |       |
+-------------------+------+-------+------------+-----------+-------+
* Note: Each Block RAM Tile only has one FIFO logic available and therefore can accommodate only one FIFO36E1 or one FIFO18E1. However, if a FIFO18E1 occupies a Block RAM Tile, that tile can still accommodate a RAMB18E1


3. DSP
------

+----------------+------+-------+------------+-----------+-------+
|    Site Type   | Used | Fixed | Prohibited | Available | Util% |
+----------------+------+-------+------------+-----------+-------+
| DSPs           |    5 |     0 |          0 |       240 |  2.08 |
|   DSP48E1 only |    5 |       |            |           |       |
+----------------+------+-------+------------+-----------+-------+


4. IO and GT Specific
---------------------

+-----------------------------+------+-------+------------+-----------+-------+
|          Site Type          | Used | Fixed | Prohibited | Available | Util% |
+-----------------------------+------+-------+------------+-----------+-------+
| Bonded IOB                  |   55 |    55 |          0 |       210 | 26.19 |
|   IOB Master Pads           |   29 |       |            |           |       |
|   IOB Slave Pads            |   25 |       |            |           |       |
| Bonded IPADs                |    0 |     0 |          0 |         2 |  0.00 |
| PHY_CONTROL                 |    1 |     1 |          0 |         6 | 16.67 |
| PHASER_REF                  |    1 |     1 |          0 |         6 | 16.67 |
| OUT_FIFO                    |    4 |     4 |          0 |        24 | 16.67 |
| IN_FIFO                     |    2 |     2 |          0 |        24 |  8.33 |
| IDELAYCTRL                  |    1 |     0 |          0 |         6 | 16.67 |
| IBUFDS                      |    0 |     0 |          0 |       202 |  0.00 |
| PHASER_OUT/PHASER_OUT_PHY   |    4 |     4 |          0 |        24 | 16.67 |
|   PHASER_OUT_PHY only       |    4 |     4 |            |           |       |
| PHASER_IN/PHASER_IN_PHY     |    2 |     2 |          0 |        24 |  8.33 |
|   PHASER_IN_PHY only        |    2 |     2 |            |           |       |
| IDELAYE2/IDELAYE2_FINEDELAY |   16 |    16 |          0 |       300 |  5.33 |
|   IDELAYE2 only             |   16 |    16 |            |           |       |
| ILOGIC                      |   16 |    16 |          0 |       210 |  7.62 |
|   ISERDES                   |   16 |    16 |          0 |       210 |       |
| OLOGIC                      |   45 |    45 |          0 |       210 | 21.43 |
|   OUTFF_ODDR_Register       |    3 |     3 |            |           |       |
|   TFF_ODDR_Register         |    2 |     2 |            |           |       |
|   OSERDES                   |   42 |    42 |          0 |       210 |       |
+-----------------------------+------+-------+------------+-----------+-------+


5. Clocking
-----------

+------------+------+-------+------------+-----------+-------+
|  Site Type | Used | Fixed | Prohibited | Available | Util% |
+------------+------+-------+------------+-----------+-------+
| BUFGCTRL   |   10 |     0 |          0 |        32 | 31.25 |
| BUFIO      |    0 |     0 |          0 |        24 |  0.00 |
| MMCME2_ADV |    1 |     1 |          0 |         6 | 16.67 |
| PLLE2_ADV  |    2 |     1 |          0 |         6 | 33.33 |
| BUFMRCE    |    0 |     0 |          0 |        12 |  0.00 |
| BUFHCE     |    1 |     0 |          0 |        96 |  1.04 |
| BUFR       |    0 |     0 |          0 |        24 |  0.00 |
+------------+------+-------+------------+-----------+-------+


6. Specific Feature
-------------------

+-------------+------+-------+------------+-----------+--------+
|  Site Type  | Used | Fixed | Prohibited | Available |  Util% |
+-------------+------+-------+------------+-----------+--------+
| BSCANE2     |    0 |     0 |          0 |         4 |   0.00 |
| CAPTUREE2   |    0 |     0 |          0 |         1 |   0.00 |
| DNA_PORT    |    0 |     0 |          0 |         1 |   0.00 |
| EFUSE_USR   |    0 |     0 |          0 |         1 |   0.00 |
| FRAME_ECCE2 |    0 |     0 |          0 |         1 |   0.00 |
| ICAPE2      |    0 |     0 |          0 |         2 |   0.00 |
| PCIE_2_1    |    0 |     0 |          0 |         1 |   0.00 |
| STARTUPE2   |    0 |     0 |          0 |         1 |   0.00 |
| XADC        |    1 |     0 |          0 |         1 | 100.00 |
+-------------+------+-------+------------+-----------+--------+


7. Primitives
-------------

+--------------------------+-------+---------------------+
|         Ref Name         |  Used | Functional Category |
+--------------------------+-------+---------------------+
| FDRE                     | 11132 |        Flop & Latch |
| LUT6                     |  9808 |                 LUT |
| LUT4                     |  6902 |                 LUT |
| LUT5                     |  3910 |                 LUT |
| LUT3                     |  2739 |                 LUT |
| LUT2                     |  2027 |                 LUT |
| CARRY4                   |  1257 |          CarryLogic |
| RAMD32                   |   870 |  Distributed Memory |
| FDCE                     |   801 |        Flop & Latch |
| LUT1                     |   596 |                 LUT |
| MUXF7                    |   511 |               MuxFx |
| RAMS32                   |   288 |  Distributed Memory |
| SRLC32E                  |   197 |  Distributed Memory |
| FDSE                     |   163 |        Flop & Latch |
| FDPE                     |   160 |        Flop & Latch |
| RAMB36E1                 |    82 |        Block Memory |
| MUXF8                    |    55 |               MuxFx |
| OSERDESE2                |    42 |                  IO |
| OBUF                     |    27 |                  IO |
| SRL16E                   |    19 |  Distributed Memory |
| OBUFT                    |    18 |                  IO |
| ISERDESE2                |    16 |                  IO |
| IDELAYE2                 |    16 |                  IO |
| IBUF_INTERMDISABLE       |    16 |                  IO |
| BUFG                     |    10 |               Clock |
| AND2B1L                  |    10 |              Others |
| ODDR                     |     5 |                  IO |
| DSP48E1                  |     5 |    Block Arithmetic |
| RAMB18E1                 |     4 |        Block Memory |
| PHASER_OUT_PHY           |     4 |                  IO |
| OUT_FIFO                 |     4 |                  IO |
| OBUFTDS                  |     4 |                  IO |
| IBUFDS_INTERMDISABLE_INT |     4 |                  IO |
| IBUF                     |     4 |                  IO |
| INV                      |     3 |                 LUT |
| PLLE2_ADV                |     2 |               Clock |
| PHASER_IN_PHY            |     2 |                  IO |
| OR2L                     |     2 |              Others |
| OBUFDS                   |     2 |                  IO |
| IN_FIFO                  |     2 |                  IO |
| XADC                     |     1 |              Others |
| PHY_CONTROL              |     1 |                  IO |
| PHASER_REF               |     1 |                  IO |
| MMCME2_ADV               |     1 |               Clock |
| IDELAYCTRL               |     1 |                  IO |
| BUFH                     |     1 |               Clock |
+--------------------------+-------+---------------------+


8. Black Boxes
--------------

+----------+------+
| Ref Name | Used |
+----------+------+


9. Instantiated Netlists
------------------------

+---------------------------+------+
|          Ref Name         | Used |
+---------------------------+------+
| ddr_probe_mig_7series_0_0 |    1 |
+---------------------------+------+
